Now additional value of PC is '4'.
If this is as intended, enter 'r', others to terminate.


PC = 0000002C

r00:00000000 r01:00000000 r02:00000000 r03:00000000 r04:00000000 r05:000007D0 r06:00000001 r07:FA000000 
r08:00000001 r09:00000000 r10:00000326 r11:000004F6 r12:000007F6 r13:00000300 r14:00000FA0 r15:FFFFFFA0 
r16:00000000 r17:00000000 r18:00000000 r19:00000000 r20:00000000 r21:00000000 r22:00000000 r23:00000000 
r24:00000000 r25:00000000 r26:00000000 r27:00000000 r28:00000000 r29:00000000 r30:00000000 r31:00000000 

reach end of file
