Now additional value of PC is '4'.
If this is as intended, enter 'r', others to terminate.


PC = 00000038

r00:00000000 r01:00000000 r02:00000000 r03:00000000 r04:00000000 r05:00000000 r06:1406F400 r07:00000054 
r08:000007D0 r09:000007D0 r10:000007D0 r11:00000054 r12:00000000 r13:00000000 r14:00000000 r15:00000000 
r16:00000000 r17:00000000 r18:00000000 r19:00000000 r20:00000000 r21:00000000 r22:00000000 r23:00000000 
r24:00000000 r25:00000000 r26:00000000 r27:00000000 r28:00000000 r29:00000000 r30:00000000 r31:00000000 

reach end of file
